// Jest Snapshot v1, https://goo.gl/fbAQLP

exports[`Unit tests for Photos should render Photo list 1`] = `ShallowWrapper {}`;
